    OpenRGB v0.9+ (1.0rc2)
    Commit:  from 
    Launched: 20260615_221741
====================================================================================================

52    |Info:    [ResourceManager] Saving detector settings
53    |Info:    [ResourceManager] Initializing HID interfaces: Success
53    |Info:    ------------------------------------------------------
53    |Info:    |               Start device detection               |
53    |Info:    ------------------------------------------------------
65    |Info:    ------------------------------------------------------
65    |Info:    |             Detecting I2C interfaces               |
65    |Info:    ------------------------------------------------------
66    |Info:    [ResourceManager] Registering I2C interface: /dev/i2c-3 Device 10DE:2D05 Subsystem: 7377:1530
66    |Info:    [ResourceManager] Registering I2C interface: /dev/i2c-1 Device 1022:790B Subsystem: 1022:790B
66    |Info:    [ResourceManager] Registering I2C interface: /dev/i2c-6 Device 10DE:2D05 Subsystem: 7377:1530
66    |Info:    [ResourceManager] Registering I2C interface: /dev/i2c-4 Device 10DE:2D05 Subsystem: 7377:1530
66    |Info:    [ResourceManager] Registering I2C interface: /dev/i2c-2 Device 1022:790B Subsystem: 1022:790B
66    |Info:    [ResourceManager] Registering I2C interface: /dev/i2c-0 Device 1022:790B Subsystem: 1022:790B
66    |Info:    [ResourceManager] Registering I2C interface: /dev/i2c-7 Device 10DE:2D05 Subsystem: 7377:1530
66    |Info:    [ResourceManager] Registering I2C interface: /dev/i2c-5 Device 10DE:2D05 Subsystem: 7377:1530
66    |Info:    ------------------------------------------------------
66    |Info:    |               Detecting I2C devices                |
66    |Info:    ------------------------------------------------------
426   |Info:    [ENE DRAM] Registering RGB controller
678   |Info:    [ENE DRAM] Registering RGB controller
1532  |Info:    ------------------------------------------------------
1532  |Info:    |            Detecting I2C DIMM modules              |
1532  |Info:    ------------------------------------------------------
2631  |Info:    [ResourceManager] Detected occupied slot 1, bus 5, type DDR5
3620  |Info:    [ResourceManager] Detected occupied slot 3, bus 5, type DDR5
3643  |Info:    ------------------------------------------------------
3643  |Info:    |               Detecting I2C PCI devices            |
3643  |Info:    ------------------------------------------------------
3644  |Info:    ------------------------------------------------------
3644  |Info:    |               Detecting HID devices                |
3644  |Info:    ------------------------------------------------------
3696  |Info:    [ROYUAN 2.4G Wireless Keyboard] Registering RGB controller
3696  |Info:    ------------------------------------------------------
3696  |Info:    |            Detecting libusb HID devices            |
3696  |Info:    ------------------------------------------------------
3758  |Info:    ------------------------------------------------------
3758  |Info:    |              Detecting other devices               |
3758  |Info:    ------------------------------------------------------
3779  |Info:    [Lian Li Uni Hub] Registering RGB controller
3787  |Info:    [ResourceManager] Calling Post-detection callbacks
3787  |Info:    ------------------------------------------------------
3787  |Info:    |                Detection completed                 |
3787  |Info:    ------------------------------------------------------
29911 |Info:    [ResourceManager] Initializing HID interfaces: Success
29911 |Info:    ------------------------------------------------------
29911 |Info:    |               Start device detection               |
29911 |Info:    ------------------------------------------------------
29923 |Info:    ------------------------------------------------------
29923 |Info:    |             Detecting I2C interfaces               |
29923 |Info:    ------------------------------------------------------
29924 |Info:    [ResourceManager] Registering I2C interface: /dev/i2c-3 Device 10DE:2D05 Subsystem: 7377:1530
29924 |Info:    [ResourceManager] Registering I2C interface: /dev/i2c-1 Device 1022:790B Subsystem: 1022:790B
29924 |Info:    [ResourceManager] Registering I2C interface: /dev/i2c-6 Device 10DE:2D05 Subsystem: 7377:1530
29924 |Info:    [ResourceManager] Registering I2C interface: /dev/i2c-4 Device 10DE:2D05 Subsystem: 7377:1530
29924 |Info:    [ResourceManager] Registering I2C interface: /dev/i2c-2 Device 1022:790B Subsystem: 1022:790B
29924 |Info:    [ResourceManager] Registering I2C interface: /dev/i2c-0 Device 1022:790B Subsystem: 1022:790B
29924 |Info:    [ResourceManager] Registering I2C interface: /dev/i2c-7 Device 10DE:2D05 Subsystem: 7377:1530
29924 |Info:    [ResourceManager] Registering I2C interface: /dev/i2c-5 Device 10DE:2D05 Subsystem: 7377:1530
29924 |Info:    ------------------------------------------------------
29924 |Info:    |               Detecting I2C devices                |
29924 |Info:    ------------------------------------------------------
30284 |Info:    [ENE DRAM] Registering RGB controller
30542 |Info:    [ENE DRAM] Registering RGB controller
31396 |Info:    ------------------------------------------------------
31396 |Info:    |            Detecting I2C DIMM modules              |
31396 |Info:    ------------------------------------------------------
31484 |Info:    [ResourceManager] Detected occupied slot 1, bus 5, type DDR5
31489 |Info:    [ResourceManager] Detected occupied slot 3, bus 5, type DDR5
31512 |Info:    ------------------------------------------------------
31512 |Info:    |               Detecting I2C PCI devices            |
31512 |Info:    ------------------------------------------------------
31513 |Info:    ------------------------------------------------------
31513 |Info:    |               Detecting HID devices                |
31513 |Info:    ------------------------------------------------------
31564 |Info:    [ROYUAN 2.4G Wireless Keyboard] Registering RGB controller
31564 |Info:    ------------------------------------------------------
31564 |Info:    |            Detecting libusb HID devices            |
31564 |Info:    ------------------------------------------------------
31616 |Info:    ------------------------------------------------------
31616 |Info:    |              Detecting other devices               |
31616 |Info:    ------------------------------------------------------
31624 |Info:    [Lian Li Uni Hub] Registering RGB controller
31633 |Info:    [ResourceManager] Calling Post-detection callbacks
31633 |Info:    ------------------------------------------------------
31633 |Info:    |                Detection completed                 |
31633 |Info:    ------------------------------------------------------
41976 |Info:    [ProfileManager] Found file: OFF.orp attempting to validate header
41976 |Info:    [ProfileManager] Valid v5 profile found for OFF
43754 |Info:    [ProfileManager] Profile loading: Succeeded for ENE DRAM @ I2C: /dev/i2c-0, address 0x70
43754 |Info:    [ProfileManager] Profile loading: Succeeded for ENE DRAM @ I2C: /dev/i2c-0, address 0x72
43754 |Info:    [ProfileManager] Profile loading: Succeeded for ROYUAN 2.4G Wireless Keyboard @ HID: /dev/hidraw3
43754 |Info:    [ProfileManager] Profile loading: Succeeded for Lian Li Uni Hub @ USB: 8
